CONVERT Tuesday, July 14, 2026 AM11:37:23 HKT
Submitted batch job 47973
QUICK-TRAIN GATE Tuesday, July 14, 2026 AM11:50:53 HKT
Submitted batch job 47975
quick-train val_MAE: 0.0863
WAVE 1 (f106) Tuesday, July 14, 2026 AM11:53:11 HKT
Submitted batch job 47976
Submitted batch job 47977
Submitted batch job 47978
Submitted batch job 47979
Submitted batch job 47980
Submitted batch job 47981
WAVE 2 (3band) Tuesday, July 14, 2026 PM12:02:27 HKT
Submitted batch job 47982
Submitted batch job 47983
Submitted batch job 47984
Submitted batch job 47985
Submitted batch job 47986
Submitted batch job 47987
G5A_CHAIN_ALL_DONE Tuesday, July 14, 2026 PM12:12:15 HKT
