skyRMS med 0.01348 -> factor 0.593 (measured, logged)
wrote /home/user/nurkyz/cosmos_acs/roman_dc/g5b_zeroshot_val1000.h5 N=1000
loaded arch=convnextv2
/home/user/nurkyz/cosmos_acs/roman_dc/g5b_zeroshot_val1000.h5: N=1000  box_arcsec=6.380000114440918  pixscale=0.04984375089406967  (training used image_fov=6.4, pixels=128 -> pix_scale=0.050394)
no flux rescale (--peak 0): training data is real-unit-calibrated, verified by gate_stage0.py peak/sky comparison on the full 100k set
TTA over 8 dihedral views: mean per-lens view-spread 0.0251"
wrote /home/user/nurkyz/cosmos_acs/roman_dc/preds_g5b_g4_cnv2_s1.csv  (1000 lenses)
theta_E_pred: min 0.46  median 0.57  max 2.22
theta_E_sigma: median 0.051"  (median sigma/pred = 8.0%)
loaded arch=convnextv2
/home/user/nurkyz/cosmos_acs/roman_dc/g5b_zeroshot_val1000.h5: N=1000  box_arcsec=6.380000114440918  pixscale=0.04984375089406967  (training used image_fov=6.4, pixels=128 -> pix_scale=0.050394)
no flux rescale (--peak 0): training data is real-unit-calibrated, verified by gate_stage0.py peak/sky comparison on the full 100k set
TTA over 8 dihedral views: mean per-lens view-spread 0.0218"
wrote /home/user/nurkyz/cosmos_acs/roman_dc/preds_g5b_g4_cnv2_s2.csv  (1000 lenses)
theta_E_pred: min 0.45  median 0.51  max 2.13
theta_E_sigma: median 0.048"  (median sigma/pred = 8.6%)
loaded arch=convnextv2
/home/user/nurkyz/cosmos_acs/roman_dc/g5b_zeroshot_val1000.h5: N=1000  box_arcsec=6.380000114440918  pixscale=0.04984375089406967  (training used image_fov=6.4, pixels=128 -> pix_scale=0.050394)
no flux rescale (--peak 0): training data is real-unit-calibrated, verified by gate_stage0.py peak/sky comparison on the full 100k set
TTA over 8 dihedral views: mean per-lens view-spread 0.0175"
wrote /home/user/nurkyz/cosmos_acs/roman_dc/preds_g5b_g4_cnv2_s3.csv  (1000 lenses)
theta_E_pred: min 0.47  median 0.56  max 2.06
theta_E_sigma: median 0.045"  (median sigma/pred = 7.9%)
loaded arch=resnet50
/home/user/nurkyz/cosmos_acs/roman_dc/g5b_zeroshot_val1000.h5: N=1000  box_arcsec=6.380000114440918  pixscale=0.04984375089406967  (training used image_fov=6.4, pixels=128 -> pix_scale=0.050394)
no flux rescale (--peak 0): training data is real-unit-calibrated, verified by gate_stage0.py peak/sky comparison on the full 100k set
TTA over 8 dihedral views: mean per-lens view-spread 0.0187"
wrote /home/user/nurkyz/cosmos_acs/roman_dc/preds_g5b_g4ar_r50_s1.csv  (1000 lenses)
theta_E_pred: min 0.44  median 0.49  max 1.78
theta_E_sigma: median 0.026"  (median sigma/pred = 5.1%)
loaded arch=resnet50
/home/user/nurkyz/cosmos_acs/roman_dc/g5b_zeroshot_val1000.h5: N=1000  box_arcsec=6.380000114440918  pixscale=0.04984375089406967  (training used image_fov=6.4, pixels=128 -> pix_scale=0.050394)
no flux rescale (--peak 0): training data is real-unit-calibrated, verified by gate_stage0.py peak/sky comparison on the full 100k set
TTA over 8 dihedral views: mean per-lens view-spread 0.0242"
wrote /home/user/nurkyz/cosmos_acs/roman_dc/preds_g5b_g4ar_r50_s2.csv  (1000 lenses)
theta_E_pred: min 0.44  median 0.51  max 1.75
theta_E_sigma: median 0.040"  (median sigma/pred = 7.3%)
loaded arch=resnet50
/home/user/nurkyz/cosmos_acs/roman_dc/g5b_zeroshot_val1000.h5: N=1000  box_arcsec=6.380000114440918  pixscale=0.04984375089406967  (training used image_fov=6.4, pixels=128 -> pix_scale=0.050394)
no flux rescale (--peak 0): training data is real-unit-calibrated, verified by gate_stage0.py peak/sky comparison on the full 100k set
TTA over 8 dihedral views: mean per-lens view-spread 0.0199"
wrote /home/user/nurkyz/cosmos_acs/roman_dc/preds_g5b_g4ar_r50_s3.csv  (1000 lenses)
theta_E_pred: min 0.43  median 0.51  max 1.76
theta_E_sigma: median 0.040"  (median sigma/pred = 7.4%)
G5b ZERO-SHOT on challenge-val N=1000 (Rung 0 labeled)
g4_cnv2_3  bias -0.156 RMSE 0.489 NMAD 0.202 R2 +0.11 fail 59% | THEIRS: chi2 60.2 (conf 6.11, scale x3.14) P 0.142->0.445 A +0.045
g4ar_r50_3 bias -0.206 RMSE 0.518 NMAD 0.201 R2 +0.00 fail 60% | THEIRS: chi2 261.2 (conf 9.56, scale x5.23) P 0.084->0.438 A -0.042
ens2       bias -0.181 RMSE 0.500 NMAD 0.208 R2 +0.07 fail 59% | THEIRS: chi2 63.9 (conf 6.45, scale x3.15) P 0.135->0.424 A +0.002
G5B_ZEROSHOT_DONE
