loaded arch=convnextv2
real_LEMONEEL_frozen.h5: N=12  box_arcsec=6.400000095367432  pixscale=0.05000000074505806  (training used image_fov=6.4, pixels=128 -> pix_scale=0.050394)
no flux rescale (--peak 0): training data is real-unit-calibrated, verified by gate_stage0.py peak/sky comparison on the full 100k set
TTA over 8 dihedral views: mean per-lens view-spread 0.0133"
wrote brian_run/preds_lemonq1b_g4n_cnv2_s1_EEL_native.csv  (12 lenses)
theta_E_pred: min 0.46  median 0.61  max 0.86
theta_E_sigma: median 0.019"  (median sigma/pred = 3.1%)
loaded arch=convnextv2
euclid_LEMONEEL_frozen.h5: N=12  box_arcsec=6.400000095367432  pixscale=0.05000000074505806  (training used image_fov=6.4, pixels=128 -> pix_scale=0.050394)
no flux rescale (--peak 0): training data is real-unit-calibrated, verified by gate_stage0.py peak/sky comparison on the full 100k set
TTA over 8 dihedral views: mean per-lens view-spread 0.0350"
wrote brian_run/preds_lemonq1b_g4_cnv2_s1_EEL_euclid.csv  (12 lenses)
theta_E_pred: min 0.46  median 0.60  max 0.88
theta_E_sigma: median 0.021"  (median sigma/pred = 3.2%)
loaded arch=convnextv2
real_LEMONEEL_frozen.h5: N=12  box_arcsec=6.400000095367432  pixscale=0.05000000074505806  (training used image_fov=6.4, pixels=128 -> pix_scale=0.050394)
no flux rescale (--peak 0): training data is real-unit-calibrated, verified by gate_stage0.py peak/sky comparison on the full 100k set
TTA over 8 dihedral views: mean per-lens view-spread 0.0059"
wrote brian_run/preds_lemonq1b_g4n_cnv2_s2_EEL_native.csv  (12 lenses)
theta_E_pred: min 0.46  median 0.61  max 0.87
theta_E_sigma: median 0.012"  (median sigma/pred = 2.3%)
loaded arch=convnextv2
euclid_LEMONEEL_frozen.h5: N=12  box_arcsec=6.400000095367432  pixscale=0.05000000074505806  (training used image_fov=6.4, pixels=128 -> pix_scale=0.050394)
no flux rescale (--peak 0): training data is real-unit-calibrated, verified by gate_stage0.py peak/sky comparison on the full 100k set
TTA over 8 dihedral views: mean per-lens view-spread 0.0184"
wrote brian_run/preds_lemonq1b_g4_cnv2_s2_EEL_euclid.csv  (12 lenses)
theta_E_pred: min 0.44  median 0.64  max 1.52
theta_E_sigma: median 0.018"  (median sigma/pred = 2.8%)
loaded arch=convnextv2
real_LEMONEEL_frozen.h5: N=12  box_arcsec=6.400000095367432  pixscale=0.05000000074505806  (training used image_fov=6.4, pixels=128 -> pix_scale=0.050394)
no flux rescale (--peak 0): training data is real-unit-calibrated, verified by gate_stage0.py peak/sky comparison on the full 100k set
TTA over 8 dihedral views: mean per-lens view-spread 0.0065"
wrote brian_run/preds_lemonq1b_g4n_cnv2_s3_EEL_native.csv  (12 lenses)
theta_E_pred: min 0.46  median 0.61  max 0.86
theta_E_sigma: median 0.012"  (median sigma/pred = 1.9%)
loaded arch=convnextv2
euclid_LEMONEEL_frozen.h5: N=12  box_arcsec=6.400000095367432  pixscale=0.05000000074505806  (training used image_fov=6.4, pixels=128 -> pix_scale=0.050394)
no flux rescale (--peak 0): training data is real-unit-calibrated, verified by gate_stage0.py peak/sky comparison on the full 100k set
TTA over 8 dihedral views: mean per-lens view-spread 0.0134"
wrote brian_run/preds_lemonq1b_g4_cnv2_s3_EEL_euclid.csv  (12 lenses)
theta_E_pred: min 0.47  median 0.66  max 0.90
theta_E_sigma: median 0.020"  (median sigma/pred = 3.0%)
/home/user/nurkyz/miniconda3/envs/Stronglensing/lib/python3.8/site-packages/torch/nn/modules/conv.py:456: UserWarning: Plan failed with a cudnnException: CUDNN_BACKEND_EXECUTION_PLAN_DESCRIPTOR: cudnnFinalize Descriptor Failed cudnn_status: CUDNN_STATUS_NOT_SUPPORTED (Triggered internally at ../aten/src/ATen/native/cudnn/Conv_v8.cpp:919.)
  return F.conv2d(input, weight, bias, self.stride,
loaded arch=convnextv2
real_LEMONCOSMOS_frozen.h5: N=5  box_arcsec=6.400000095367432  pixscale=0.05000000074505806  (training used image_fov=6.4, pixels=128 -> pix_scale=0.050394)
no flux rescale (--peak 0): training data is real-unit-calibrated, verified by gate_stage0.py peak/sky comparison on the full 100k set
TTA over 8 dihedral views: mean per-lens view-spread 0.1072"
wrote brian_run/preds_lemonq1b_g4n_cnv2_s1_COSMOS_native.csv  (5 lenses)
theta_E_pred: min 0.67  median 0.74  max 1.76
theta_E_sigma: median 0.082"  (median sigma/pred = 9.9%)
/home/user/nurkyz/miniconda3/envs/Stronglensing/lib/python3.8/site-packages/torch/nn/modules/conv.py:456: UserWarning: Plan failed with a cudnnException: CUDNN_BACKEND_EXECUTION_PLAN_DESCRIPTOR: cudnnFinalize Descriptor Failed cudnn_status: CUDNN_STATUS_NOT_SUPPORTED (Triggered internally at ../aten/src/ATen/native/cudnn/Conv_v8.cpp:919.)
  return F.conv2d(input, weight, bias, self.stride,
loaded arch=convnextv2
euclid_LEMONCOSMOS_frozen.h5: N=5  box_arcsec=6.400000095367432  pixscale=0.05000000074505806  (training used image_fov=6.4, pixels=128 -> pix_scale=0.050394)
no flux rescale (--peak 0): training data is real-unit-calibrated, verified by gate_stage0.py peak/sky comparison on the full 100k set
TTA over 8 dihedral views: mean per-lens view-spread 0.0121"
wrote brian_run/preds_lemonq1b_g4_cnv2_s1_COSMOS_euclid.csv  (5 lenses)
theta_E_pred: min 0.47  median 0.49  max 0.72
theta_E_sigma: median 0.041"  (median sigma/pred = 7.8%)
/home/user/nurkyz/miniconda3/envs/Stronglensing/lib/python3.8/site-packages/torch/nn/modules/conv.py:456: UserWarning: Plan failed with a cudnnException: CUDNN_BACKEND_EXECUTION_PLAN_DESCRIPTOR: cudnnFinalize Descriptor Failed cudnn_status: CUDNN_STATUS_NOT_SUPPORTED (Triggered internally at ../aten/src/ATen/native/cudnn/Conv_v8.cpp:919.)
  return F.conv2d(input, weight, bias, self.stride,
loaded arch=convnextv2
real_LEMONCOSMOS_frozen.h5: N=5  box_arcsec=6.400000095367432  pixscale=0.05000000074505806  (training used image_fov=6.4, pixels=128 -> pix_scale=0.050394)
no flux rescale (--peak 0): training data is real-unit-calibrated, verified by gate_stage0.py peak/sky comparison on the full 100k set
TTA over 8 dihedral views: mean per-lens view-spread 0.1756"
wrote brian_run/preds_lemonq1b_g4n_cnv2_s2_COSMOS_native.csv  (5 lenses)
theta_E_pred: min 0.55  median 0.74  max 1.26
theta_E_sigma: median 0.024"  (median sigma/pred = 4.3%)
/home/user/nurkyz/miniconda3/envs/Stronglensing/lib/python3.8/site-packages/torch/nn/modules/conv.py:456: UserWarning: Plan failed with a cudnnException: CUDNN_BACKEND_EXECUTION_PLAN_DESCRIPTOR: cudnnFinalize Descriptor Failed cudnn_status: CUDNN_STATUS_NOT_SUPPORTED (Triggered internally at ../aten/src/ATen/native/cudnn/Conv_v8.cpp:919.)
  return F.conv2d(input, weight, bias, self.stride,
loaded arch=convnextv2
euclid_LEMONCOSMOS_frozen.h5: N=5  box_arcsec=6.400000095367432  pixscale=0.05000000074505806  (training used image_fov=6.4, pixels=128 -> pix_scale=0.050394)
no flux rescale (--peak 0): training data is real-unit-calibrated, verified by gate_stage0.py peak/sky comparison on the full 100k set
TTA over 8 dihedral views: mean per-lens view-spread 0.0139"
wrote brian_run/preds_lemonq1b_g4_cnv2_s2_COSMOS_euclid.csv  (5 lenses)
theta_E_pred: min 0.47  median 0.48  max 0.71
theta_E_sigma: median 0.049"  (median sigma/pred = 6.9%)
/home/user/nurkyz/miniconda3/envs/Stronglensing/lib/python3.8/site-packages/torch/nn/modules/conv.py:456: UserWarning: Plan failed with a cudnnException: CUDNN_BACKEND_EXECUTION_PLAN_DESCRIPTOR: cudnnFinalize Descriptor Failed cudnn_status: CUDNN_STATUS_NOT_SUPPORTED (Triggered internally at ../aten/src/ATen/native/cudnn/Conv_v8.cpp:919.)
  return F.conv2d(input, weight, bias, self.stride,
loaded arch=convnextv2
real_LEMONCOSMOS_frozen.h5: N=5  box_arcsec=6.400000095367432  pixscale=0.05000000074505806  (training used image_fov=6.4, pixels=128 -> pix_scale=0.050394)
no flux rescale (--peak 0): training data is real-unit-calibrated, verified by gate_stage0.py peak/sky comparison on the full 100k set
TTA over 8 dihedral views: mean per-lens view-spread 0.1556"
wrote brian_run/preds_lemonq1b_g4n_cnv2_s3_COSMOS_native.csv  (5 lenses)
theta_E_pred: min 0.56  median 0.74  max 1.29
theta_E_sigma: median 0.018"  (median sigma/pred = 2.5%)
/home/user/nurkyz/miniconda3/envs/Stronglensing/lib/python3.8/site-packages/torch/nn/modules/conv.py:456: UserWarning: Plan failed with a cudnnException: CUDNN_BACKEND_EXECUTION_PLAN_DESCRIPTOR: cudnnFinalize Descriptor Failed cudnn_status: CUDNN_STATUS_NOT_SUPPORTED (Triggered internally at ../aten/src/ATen/native/cudnn/Conv_v8.cpp:919.)
  return F.conv2d(input, weight, bias, self.stride,
loaded arch=convnextv2
euclid_LEMONCOSMOS_frozen.h5: N=5  box_arcsec=6.400000095367432  pixscale=0.05000000074505806  (training used image_fov=6.4, pixels=128 -> pix_scale=0.050394)
no flux rescale (--peak 0): training data is real-unit-calibrated, verified by gate_stage0.py peak/sky comparison on the full 100k set
TTA over 8 dihedral views: mean per-lens view-spread 0.0137"
wrote brian_run/preds_lemonq1b_g4_cnv2_s3_COSMOS_euclid.csv  (5 lenses)
theta_E_pred: min 0.50  median 0.56  max 0.70
theta_E_sigma: median 0.045"  (median sigma/pred = 8.0%)
loaded arch=convnextv2
real_LEMONACS_frozen.h5: N=12  box_arcsec=6.400000095367432  pixscale=0.05000000074505806  (training used image_fov=6.4, pixels=128 -> pix_scale=0.050394)
no flux rescale (--peak 0): training data is real-unit-calibrated, verified by gate_stage0.py peak/sky comparison on the full 100k set
TTA over 8 dihedral views: mean per-lens view-spread 0.1249"
wrote brian_run/preds_lemonq1b_g4n_cnv2_s1_ACS_native.csv  (12 lenses)
theta_E_pred: min 0.51  median 1.09  max 2.38
theta_E_sigma: median 0.112"  (median sigma/pred = 10.1%)
loaded arch=convnextv2
euclid_LEMONACS_frozen.h5: N=12  box_arcsec=6.400000095367432  pixscale=0.05000000074505806  (training used image_fov=6.4, pixels=128 -> pix_scale=0.050394)
no flux rescale (--peak 0): training data is real-unit-calibrated, verified by gate_stage0.py peak/sky comparison on the full 100k set
TTA over 8 dihedral views: mean per-lens view-spread 0.0523"
wrote brian_run/preds_lemonq1b_g4_cnv2_s1_ACS_euclid.csv  (12 lenses)
theta_E_pred: min 0.48  median 0.76  max 1.08
theta_E_sigma: median 0.077"  (median sigma/pred = 10.0%)
loaded arch=convnextv2
real_LEMONACS_frozen.h5: N=12  box_arcsec=6.400000095367432  pixscale=0.05000000074505806  (training used image_fov=6.4, pixels=128 -> pix_scale=0.050394)
no flux rescale (--peak 0): training data is real-unit-calibrated, verified by gate_stage0.py peak/sky comparison on the full 100k set
TTA over 8 dihedral views: mean per-lens view-spread 0.1017"
wrote brian_run/preds_lemonq1b_g4n_cnv2_s2_ACS_native.csv  (12 lenses)
theta_E_pred: min 0.48  median 0.96  max 2.34
theta_E_sigma: median 0.096"  (median sigma/pred = 10.2%)
loaded arch=convnextv2
euclid_LEMONACS_frozen.h5: N=12  box_arcsec=6.400000095367432  pixscale=0.05000000074505806  (training used image_fov=6.4, pixels=128 -> pix_scale=0.050394)
no flux rescale (--peak 0): training data is real-unit-calibrated, verified by gate_stage0.py peak/sky comparison on the full 100k set
TTA over 8 dihedral views: mean per-lens view-spread 0.0530"
wrote brian_run/preds_lemonq1b_g4_cnv2_s2_ACS_euclid.csv  (12 lenses)
theta_E_pred: min 0.48  median 0.83  max 1.44
theta_E_sigma: median 0.119"  (median sigma/pred = 14.9%)
loaded arch=convnextv2
real_LEMONACS_frozen.h5: N=12  box_arcsec=6.400000095367432  pixscale=0.05000000074505806  (training used image_fov=6.4, pixels=128 -> pix_scale=0.050394)
no flux rescale (--peak 0): training data is real-unit-calibrated, verified by gate_stage0.py peak/sky comparison on the full 100k set
TTA over 8 dihedral views: mean per-lens view-spread 0.0964"
wrote brian_run/preds_lemonq1b_g4n_cnv2_s3_ACS_native.csv  (12 lenses)
theta_E_pred: min 0.50  median 0.93  max 2.15
theta_E_sigma: median 0.095"  (median sigma/pred = 10.4%)
loaded arch=convnextv2
euclid_LEMONACS_frozen.h5: N=12  box_arcsec=6.400000095367432  pixscale=0.05000000074505806  (training used image_fov=6.4, pixels=128 -> pix_scale=0.050394)
no flux rescale (--peak 0): training data is real-unit-calibrated, verified by gate_stage0.py peak/sky comparison on the full 100k set
TTA over 8 dihedral views: mean per-lens view-spread 0.0473"
wrote brian_run/preds_lemonq1b_g4_cnv2_s3_ACS_euclid.csv  (12 lenses)
theta_E_pred: min 0.53  median 0.78  max 1.46
theta_E_sigma: median 0.086"  (median sigma/pred = 10.1%)
LEMON_Q1B_EVAL_DONE
